/data/data/com.termux/files/usr/var/lib/proot-distro/installed-rootfs/debian/home/alanp/dev/personal/ledit/e2e_tests/test_ci_non_interactive_workflow.sh: line 57: ledit: command not found
